// Jest Snapshot v1, https://goo.gl/fbAQLP

exports[`Content should render correctly with valid Content and theme state 1`] = `
<div>
  <div
    className="plugin-header"
  >
    Scripting Plugin
  </div>
  <style>
    
    .plugin-header {
      color:#ccc;
      background-color: #333;
      width: 100%;
      padding: 5px;
      font-size: 1.6em;
      padding-bottom: 8px;
    }
  
  </style>
  <div
    className="plugin-content"
  >
    <div>
      Test
    </div>
  </div>
  <style>
    
    .plugin-content {
      color:#fff;
      background-color: #444;
      width: 100%;
      padding: 8px;
      font-size: 1.2em;
      min-height: 15em;
      border-radius: 5px;
    }
  
  </style>
</div>
`;
